// Jest Snapshot v1, https://goo.gl/fbAQLP

exports[`MpxText should handle basic rendering, nested text and selection properties 1`] = `
<Text
  allowFontScaling={false}
  selectable={false}
  style={
    {
      "fontSize": "16px",
      "lineHeight": "1.5",
      "textAlign": "center",
      "textDecorationLine": "underline",
    }
  }
  testID="basic-text"
>
  Complex styled text
</Text>
`;
