// Jest Snapshot v1, https://goo.gl/fbAQLP

exports[`MpxView Component Tests renders complex layout with snapshot 1`] = `
<div
  style={{}}
/>
`;

exports[`MpxView Component Tests renders mpx-view with snapshot 1`] = `
<div
  style={{}}
/>
`;

exports[`MpxView Component Tests renders styled container with snapshot 1`] = `
<div
  style={{}}
/>
`;
